
> calci_pro@0.1.0 build
> next build

   Γû▓ Next.js 15.5.18

   Creating an optimized production build ...
 Γ£ô Compiled successfully in 32.3s
   Linting and checking validity of types ...
   Collecting page data ...
   Generating static pages (0/89) ...
   Generating static pages (22/89) 
   Generating static pages (44/89) 
   Generating static pages (66/89) 
 Γ£ô Generating static pages (89/89)
   Finalizing page optimization ...
   Collecting build traces ...

Route (app)                                                 Size  First Load JS
Γöî Γùï /                                                      177 B         107 kB
Γö£ Γùï /_not-found                                            152 B         103 kB
Γö£ Γùï /about                                                 152 B         103 kB
Γö£ Γùï /blog                                                1.04 kB         112 kB
Γö£ ╞Æ /blog/[slug]                                           186 B         107 kB
Γö£ ΓùÅ /calculator/[calculatorSlug]                           722 B         103 kB
Γö£   Γö£ /calculator/simple-interest-calculator
Γö£   Γö£ /calculator/compound-interest-calculator
Γö£   Γö£ /calculator/emi-calculator
Γö£   Γöö [+16 more paths]
Γö£ Γùï /calculators                                         2.51 kB         114 kB
Γö£ ╞Æ /calculators/[...slug]                                 186 B         107 kB
Γö£ ╞Æ /calculators/[category]                                186 B         107 kB
Γö£ Γùï /calculators/education/age                           4.84 kB         129 kB
Γö£ Γùï /calculators/education/gpa                           5.39 kB         175 kB
Γö£ Γùï /calculators/education/scientific                    2.67 kB         122 kB
Γö£ Γùï /calculators/education/unit-converter                5.92 kB         175 kB
Γö£ Γùï /calculators/finance/compound-interest               4.65 kB         249 kB
Γö£ Γùï /calculators/finance/emi                              6.5 kB         247 kB
Γö£ Γùï /calculators/finance/gst                             5.17 kB         254 kB
Γö£ Γùï /calculators/finance/inflation                       4.45 kB         249 kB
Γö£ Γùï /calculators/finance/loan                            6.85 kB         247 kB
Γö£ Γùï /calculators/finance/lumpsum                          6.4 kB         247 kB
Γö£ Γùï /calculators/finance/simple-interest                 5.04 kB         143 kB
Γö£ Γùï /calculators/finance/sip                             3.98 kB         244 kB
Γö£ Γùï /calculators/health/bmi                              5.14 kB         141 kB
Γö£ Γùï /calculators/health/bmr                              5.11 kB         141 kB
Γö£ Γùï /calculators/health/calories                         2.94 kB         172 kB
Γö£ Γùï /calculators/health/ideal-weight                      5.2 kB         141 kB
Γö£ Γùï /calculators/tech/binary                             5.04 kB         129 kB
Γö£ Γùï /calculators/tech/password                           5.23 kB         143 kB
Γö£ Γùï /calculators/utility/percentage                      6.66 kB         131 kB
Γö£ ΓùÅ /category/[categorySlug]                             2.51 kB         114 kB
Γö£   Γö£ /category/finance-business
Γö£   Γö£ /category/health-lifestyle-family
Γö£   Γö£ /category/real-estate-trade-tech
Γö£   Γöö [+3 more paths]
Γö£ ΓùÅ /category/[categorySlug]/[subcategorySlug]           2.51 kB         114 kB
Γö£   Γö£ /category/finance-business/finance-money
Γö£   Γö£ /category/finance-business/business-finance-tools
Γö£   Γö£ /category/finance-business/personal-finance-taxes
Γö£   Γöö [+25 more paths]
Γö£ Γùï /contact                                             1.74 kB         118 kB
Γö£ Γùï /cookies                                               152 B         103 kB
Γö£ Γùï /icon.jpg                                                0 B            0 B
Γö£ Γùï /manifest.webmanifest                                  152 B         103 kB
Γö£ Γùï /opengraph-image.jpg                                     0 B            0 B
Γö£ Γùï /privacy-policy                                        152 B         103 kB
Γö£ Γùï /robots.txt                                            152 B         103 kB
Γö£ Γùï /sitemap.xml                                           152 B         103 kB
Γö£ Γùï /terms                                                 152 B         103 kB
Γöö Γùï /twitter-image.jpg                                       0 B            0 B
+ First Load JS shared by all                             102 kB
  Γö£ chunks/1255-797685208a6dd747.js                        46 kB
  Γö£ chunks/4bd1b696-100b9d70ed4e49c1.js                  54.2 kB
  Γöö other shared chunks (total)                          2.28 kB


╞Æ Middleware                                             34.3 kB

Γùï  (Static)   prerendered as static content
ΓùÅ  (SSG)      prerendered as static HTML (uses generateStaticParams)
╞Æ  (Dynamic)  server-rendered on demand

